// Vitest Snapshot v1, https://vitest.dev/guide/snapshot.html

exports[`InputCheckbox.test.js > Should render correctly 1`] = `
"<label><span data-e2e="label" class="block font-bold">Test</span>
  <div class="flex h-8"><input data-e2e="input" class="absolute appearance-none" type="checkbox" value="true"><button data-e2e="checkbox" class="h-8 w-16 rounded-md transition-all duration-75 disabled:opacity-40 ml-[2px] mt-[2px] border-b-2 border-r-2 border-emerald-400 bg-emerald-100 hover:bg-emerald-50">On <font-awesome-icon-stub icon="fas,check"></font-awesome-icon-stub></button></div>
</label>"
`;
